// Jest Snapshot v1, https://goo.gl/fbAQLP

exports[`if App matches snapshot 1`] = `
<DocumentFragment>
  <div
    class="App"
  >
    <h1>
      This is a Test! 
    </h1>
  </div>
</DocumentFragment>
`;
